.--------------------------------------------------------.
| ETF       | aaa          | bbb          | zzz          |
+-----------+--------------+--------------+--------------+
| Stand     |   01.07.2021 |   01.07.2021 |   01.06.2021 |
| Anteile   |    6.000 St. |    8.000 St. |    2.000 St. |
+-----------+--------------+--------------+--------------+
| Kurs      |   12.500 EUR |   11.110 EUR |   15.252 EUR |
| 1. Kurs   |   10.000 EUR |   10.000 EUR |   13.286 EUR |
| +- Kurs % |  +25.00%     |  +11.10%     |  +14.80%     |
+-----------+--------------+--------------+--------------+
| Gekauft   |    62.00 EUR |    83.55 EUR |    28.99 EUR |
| Verkauft  |     0.00 EUR |     0.00 EUR |     0.00 EUR |
| Gebuehren |     6.20 EUR |     8.35 EUR |     1.45 EUR |
+-----------+--------------+--------------+--------------+
| Wert      |    75.00 EUR |    88.88 EUR |    30.50 EUR |
| Gewinn    |     6.80 EUR |    -3.02 EUR |     0.06 EUR |
| Gewinn %  |   +9.97%     |   -3.29%     |   +0.21%     |
+-----------+--------------+--------------+--------------+
| Haltezeit |   1.25 Jahre |   1.25 Jahre |   0.08 Jahre |
| Gewinn/J. |       +7.98% |       -2.63% | !!    +2.53% |
| +-Kurs/J. |      +20.00% |       +8.88% | !!  +177.60% |
'-----------+--------------+--------------+--------------'
