.---------------------------------------------------------------------------------------------------------.
| ETF    | Anteile      | Wert         | Kurs        (seit Start) | Gewinn        (relativ ) | Stand      |
+--------+--------------+--------------+--------------------------+--------------------------+------------+
| fund_A |    7.513 St. |   122.03 EUR |   16.242 EUR  (  -1.15%) |   -12.81 EUR  (  -9.50%) | 16.02.2021 |
| fund_B |    0.604 St. |    74.93 EUR |  124.062 EUR  (  +9.75%) |     1.45 EUR  (  +1.98%) | 16.02.2021 |
| fund_C |   17.212 St. |   143.87 EUR |    8.359 EUR  (  +0.00%) |    -4.13 EUR  (  -2.79%) | 15.01.2021 |
+--------+--------------+--------------+--------------------------+--------------------------+------------+
| Depot  |              |   340.83 EUR |                          |   -15.49 EUR  (  -4.35%) |            |
'--------+--------------+--------------+--------------------------+--------------------------+------------'
