.---------------------------------------------------------------------------------------------------------.
| ETF    | Anteile      | Wert         | Kurs        (seit Start) | Gewinn        (relativ ) | Stand      |
+--------+--------------+--------------+--------------------------+--------------------------+------------+
| fund_B |    0.316 St. |    35.72 EUR |  113.038 EUR  (  +0.00%) |    -1.01 EUR  (  -2.75%) | 18.12.2020 |
| fund_Z |    3.700 St. |    69.83 EUR |   18.873 EUR  ( +14.87%) |     2.41 EUR  (  +3.58%) | 12.01.2021 |
+--------+--------------+--------------+--------------------------+--------------------------+------------+
| Depot  |              |   105.55 EUR |                          |     1.40 EUR  (  +1.35%) |            |
'--------+--------------+--------------+--------------------------+--------------------------+------------'
